verifying key: sha256:4606e565d20b7882 (unsecure_pub_key_dont_use.pem — DEMO key, custody follow-up pending)

gumbo_l1a: VERIFIED
  bundle:  golden/_bundles/gumbo_l1a/provision_bundle.json
  goldens: 4/4 anchored to signed evidence (provisioned 2026-07-27 11:17:28)
gumbo_l1b: VERIFIED
  bundle:  golden/_bundles/gumbo_l1b/provision_bundle.json
  goldens: 6/6 anchored to signed evidence (provisioned 2026-07-27 11:17:28)
gumbo_l2: VERIFIED
  bundle:  golden/_bundles/gumbo_l2/provision_bundle.json
  goldens: 33/33 anchored to signed evidence (provisioned 2026-07-27 11:17:28)
hamr_tools: VERIFIED
  bundle:  golden/_bundles/hamr_tools/provision_bundle.json
  goldens: 9/9 anchored to signed evidence (provisioned 2026-07-30 15:00:15)
isl_l1a: VERIFIED
  bundle:  golden/_bundles/isl_l1a/provision_bundle.json
  goldens: 13/13 anchored to signed evidence (provisioned 2026-07-30 15:04:19)
isl_l2: VERIFIED
  bundle:  golden/_bundles/isl_l2/provision_bundle.json
  goldens: 67/67 anchored to signed evidence (provisioned 2026-07-30 15:04:19)
isl_props: VERIFIED
  bundle:  golden/_bundles/isl_props/provision_bundle.json
  goldens: 5/0 anchored to signed evidence (provisioned 2026-07-30 15:00:06)
isl_verus: VERIFIED
  bundle:  golden/_bundles/isl_verus/provision_bundle.json
  goldens: 28/4 anchored to signed evidence (provisioned 2026-07-30 15:00:13)
lean_check: VERIFIED
  bundle:  golden/_bundles/lean_check/provision_bundle.json
  goldens: 6/6 anchored to signed evidence (provisioned 2026-07-30 14:50:41)
lean_exec: VERIFIED
  bundle:  golden/_bundles/lean_exec/provision_bundle.json
  goldens: 18/6 anchored to signed evidence (provisioned 2026-07-30 14:50:42)
lean_l1a: VERIFIED
  bundle:  golden/_bundles/lean_l1a/provision_bundle.json
  goldens: 6/6 anchored to signed evidence (provisioned 2026-07-30 15:04:30)
lean_l2: VERIFIED
  bundle:  golden/_bundles/lean_l2/provision_bundle.json
  goldens: 15/15 anchored to signed evidence (provisioned 2026-07-30 15:04:30)
lean_props: VERIFIED
  bundle:  golden/_bundles/lean_props/provision_bundle.json
  goldens: 1/0 anchored to signed evidence (provisioned 2026-07-30 14:50:40)
tcmk_l1a: VERIFIED
  bundle:  golden/_bundles/tcmk_l1a/provision_bundle.json
  goldens: 4/4 anchored to signed evidence (provisioned 2026-07-30 15:01:06)
tcmk_l2: VERIFIED
  bundle:  golden/_bundles/tcmk_l2/provision_bundle.json
  goldens: 16/16 anchored to signed evidence (provisioned 2026-07-30 15:01:06)
tcmk_verus: VERIFIED
  bundle:  golden/_bundles/tcmk_verus/provision_bundle.json
  goldens: 8/4 anchored to signed evidence (provisioned 2026-07-30 15:00:15)

16/16 baselines verified
